./gradlew : 
At line:1 char:1
+ ./gradlew compileDebugKotlin 2>&1 | Out-File 
-FilePath "build_output. ...
+ ~~~~~~~~~~~~~~~~~~~~~~~~~~~~~~~~~
    + CategoryInfo          : NotSpecified: (:S 
   tring) [], RemoteException
    + FullyQualifiedErrorId : NativeCommandErro 
   r
 
FAILURE: Build failed with an exception.

* Where:
Build file 'D:\Programming\Android\Project\CocCo
c\build.gradle.kts' line: 2

* What went wrong:
Plugin [id: 
'org.jetbrains.kotlin.plugin.compose', version: 
'1.9.24', apply: false] was not found in any of 
the following sources:

- Gradle Core Plugins (plugin is not in 
'org.gradle' namespace)
- Included Builds (No included builds contain 
this plugin)
- Plugin Repositories (could not resolve plugin 
artifact 'org.jetbrains.kotlin.plugin.compose:or
g.jetbrains.kotlin.plugin.compose.gradle.plugin:
1.9.24')
  Searched in the following repositories:
    Google
    MavenRepo
    Gradle Central Plugin Repository

* Try:
> Run with --stacktrace option to get the stack 
trace.
> Run with --info or --debug option to get more 
log output.
> Run with --scan to generate a Build Scan 
(Powered by Develocity).
> Get more help at https://help.gradle.org.

BUILD FAILED in 1s
