> Task :app:checkKotlinGradlePluginConfigurationErrors
> Task :app:preBuild UP-TO-DATE
> Task :app:preDebugBuild UP-TO-DATE
> Task :app:checkDebugAarMetadata UP-TO-DATE
> Task :app:generateDebugResValues UP-TO-DATE
> Task :app:mapDebugSourceSetPaths UP-TO-DATE
> Task :app:generateDebugResources UP-TO-DATE
> Task :app:mergeDebugResources UP-TO-DATE
> Task :app:packageDebugResources UP-TO-DATE
> Task :app:parseDebugLocalResources UP-TO-DATE
> Task :app:createDebugCompatibleScreenManifests UP-TO-DATE
> Task :app:extractDeepLinksDebug UP-TO-DATE
> Task :app:processDebugMainManifest UP-TO-DATE
> Task :app:processDebugManifest UP-TO-DATE
> Task :app:processDebugManifestForPackage UP-TO-DATE
> Task :app:processDebugResources UP-TO-DATE
> Task :app:kspDebugKotlin UP-TO-DATE

> Task :app:compileDebugKotlin FAILED

[Incubating] Problems report is available at: file:///D:/Programming/Android/Project/CocCoc/build/reports/problems/problems-report.html
./gradlew : e: file:///D:/Programming/Android/Pr
oject/CocCoc/app/src/main/java/com/coccoc/podcas
treader/presentation/audioplayer/AudioPlayerBott
omSheet.kt:107:68 Unresolved reference: Stop
At line:1 char:1
+ ./gradlew compileDebugKotlin 2>&1 | Out-File 
-FilePath "errors.txt" - ...
+ ~~~~~~~~~~~~~~~~~~~~~~~~~~~~~~~~~
    + CategoryInfo          : NotSpecified: (e: 
    file:///D:/P...reference: Stop:String) [],  
   RemoteException
    + FullyQualifiedErrorId : NativeCommandErro 
   r
 

FAILURE: Build failed with an exception.

* What went wrong:
Execution failed for task 
':app:compileDebugKotlin'.
> A failure occurred while executing org.jetbrai
ns.kotlin.compilerRunner.GradleCompilerRunnerWit
hWorkers$GradleKotlinCompilerWorkAction
   > Compilation error. See log for more details

* Try:
> Run with --stacktrace option to get the stack 
trace.
> Run with --info or --debug option to get more 
log output.

Deprecated Gradle features were used in this build, making it incompatible with Gradle 10.

> Run with --scan to generate a Build Scan 
(Powered by Develocity).
> Get more help at https://help.gradle.org.
You can use '--warning-mode all' to show the individual deprecation warnings and determine if they come from your own scripts or plugins.

For more on this, please refer to https://docs.gradle.org/9.1.0/userguide/command_line_interface.html#sec:command_line_warnings in the Gradle documentation.

16 actionable tasks: 2 executed, 14 up-to-date
BUILD FAILED in 4s
